// Jest Snapshot v1, https://goo.gl/fbAQLP

exports[`tolerance remains a standard 1`] = `0.001`;
